// Jest Snapshot v1, https://goo.gl/fbAQLP

exports[`matches snapshot 1`] = `
<View
  style={
    Object {
      "alignItems": "center",
      "flex": 1,
      "justifyContent": "center",
      "paddingBottom": 60,
    }
  }
>
  <Text
    style={
      Object {
        "fontSize": 22,
        "marginBottom": 16,
        "paddingHorizontal": 16,
        "textAlign": "center",
      }
    }
  >
    We couldn't find any recipes matching these ingredients: 
  </Text>
  <Text
    style={
      Object {
        "fontSize": 18,
        "fontStyle": "italic",
        "paddingHorizontal": 16,
        "textAlign": "center",
      }
    }
    testID="query"
  >
    test
  </Text>
</View>
`;
